Línea 104: la clase WorldEditor.lvButtons_H del control LvBBoton no era una clase de control cargada.
Línea 131: la clase WorldEditor.lvButtons_H del control LvBBoton no era una clase de control cargada.
Línea 111: el nombre de la propiedad _ExtentX de LvBBoton no es válido.
Línea 112: el nombre de la propiedad _ExtentY de LvBBoton no es válido.
Línea 113: el nombre de la propiedad Caption de LvBBoton no es válido.
Línea 114: el nombre de la propiedad CapAlign de LvBBoton no es válido.
Línea 115: el nombre de la propiedad BackStyle de LvBBoton no es válido.
Línea 116: el nombre de la propiedad Shape de LvBBoton no es válido.
Línea 126: el nombre de la propiedad cGradient de LvBBoton no es válido.
Línea 127: el nombre de la propiedad Mode de LvBBoton no es válido.
Línea 128: el nombre de la propiedad Value de LvBBoton no es válido.
Línea 129: el nombre de la propiedad cBack de LvBBoton no es válido.
Línea 138: el nombre de la propiedad _ExtentX de LvBBoton no es válido.
Línea 139: el nombre de la propiedad _ExtentY de LvBBoton no es válido.
Línea 140: el nombre de la propiedad Caption de LvBBoton no es válido.
Línea 141: el nombre de la propiedad CapAlign de LvBBoton no es válido.
Línea 142: el nombre de la propiedad BackStyle de LvBBoton no es válido.
Línea 143: el nombre de la propiedad Shape de LvBBoton no es válido.
Línea 153: el nombre de la propiedad cGradient de LvBBoton no es válido.
Línea 154: el nombre de la propiedad Mode de LvBBoton no es válido.
Línea 155: el nombre de la propiedad Value de LvBBoton no es válido.
Línea 156: el nombre de la propiedad cBack de LvBBoton no es válido.
